MPLINK 5.08, LINKER
Linker Map File - Created Wed Oct 25 06:09:48 2017

                                 Section Info
                  Section       Type    Address   Location Size(Bytes)
                ---------  ---------  ---------  ---------  ---------
                   .org_0       code   0x000000    program   0x0006da
                   .cinit    romdata   0x00036d    program   0x000004



                              Program Memory Usage 
                               Start         End      
                           ---------   ---------      
                            0x000000    0x00036e      
            879 out of 8454 program addresses used, program memory utilization is 10%



                              Symbols - Sorted by Name
                     Name    Address   Location    Storage File                     
                ---------  ---------  ---------  --------- ---------                
                  BD_Loop   0x0000f3    program     static F:\Course-project-alarm-clock-\main.asm
                      DEC   0x00009f    program     static F:\Course-project-alarm-clock-\main.asm
                 Keyboard   0x0001c4    program     static F:\Course-project-alarm-clock-\main.asm
                  LCD_one   0x0000f9    program     static F:\Course-project-alarm-clock-\main.asm
                  LCD_two   0x000173    program     static F:\Course-project-alarm-clock-\main.asm
                    START   0x000040    program     static F:\Course-project-alarm-clock-\main.asm
         alarm_plus_blink   0x0000e3    program     static F:\Course-project-alarm-clock-\main.asm
                    begin   0x000004    program     static F:\Course-project-alarm-clock-\main.asm
             blink_off_H1   0x000123    program     static F:\Course-project-alarm-clock-\main.asm
           blink_off_H1_A   0x0001a2    program     static F:\Course-project-alarm-clock-\main.asm
             blink_off_H2   0x000115    program     static F:\Course-project-alarm-clock-\main.asm
           blink_off_H2_A   0x000194    program     static F:\Course-project-alarm-clock-\main.asm
             blink_off_M1   0x00013f    program     static F:\Course-project-alarm-clock-\main.asm
           blink_off_M1_A   0x0001be    program     static F:\Course-project-alarm-clock-\main.asm
             blink_off_M2   0x000131    program     static F:\Course-project-alarm-clock-\main.asm
           blink_off_M2_A   0x0001b0    program     static F:\Course-project-alarm-clock-\main.asm
             blink_off_S1   0x00015b    program     static F:\Course-project-alarm-clock-\main.asm
             blink_off_S2   0x00014d    program     static F:\Course-project-alarm-clock-\main.asm
            blink_off_day   0x000169    program     static F:\Course-project-alarm-clock-\main.asm
              blink_on_H1   0x000126    program     static F:\Course-project-alarm-clock-\main.asm
            blink_on_H1_A   0x0001a5    program     static F:\Course-project-alarm-clock-\main.asm
              blink_on_H2   0x000118    program     static F:\Course-project-alarm-clock-\main.asm
            blink_on_H2_A   0x000197    program     static F:\Course-project-alarm-clock-\main.asm
              blink_on_M1   0x000142    program     static F:\Course-project-alarm-clock-\main.asm
            blink_on_M1_A   0x0001c1    program     static F:\Course-project-alarm-clock-\main.asm
              blink_on_M2   0x000134    program     static F:\Course-project-alarm-clock-\main.asm
            blink_on_M2_A   0x0001b3    program     static F:\Course-project-alarm-clock-\main.asm
              blink_on_S1   0x00015e    program     static F:\Course-project-alarm-clock-\main.asm
              blink_on_S2   0x000150    program     static F:\Course-project-alarm-clock-\main.asm
             blink_on_day   0x000170    program     static F:\Course-project-alarm-clock-\main.asm
              change_AHMS   0x000364    program     static F:\Course-project-alarm-clock-\main.asm
               change_HMS   0x0002a6    program     static F:\Course-project-alarm-clock-\main.asm
             change_alarm   0x0002d9    program     static F:\Course-project-alarm-clock-\main.asm
               change_day   0x0002b3    program     static F:\Course-project-alarm-clock-\main.asm
              change_time   0x0001eb    program     static F:\Course-project-alarm-clock-\main.asm
                     col1   0x0001cb    program     static F:\Course-project-alarm-clock-\main.asm
                     col2   0x0001d6    program     static F:\Course-project-alarm-clock-\main.asm
                     col3   0x0001df    program     static F:\Course-project-alarm-clock-\main.asm
          correct_A_minus   0x00031f    program     static F:\Course-project-alarm-clock-\main.asm
           correct_A_plus   0x0002e4    program     static F:\Course-project-alarm-clock-\main.asm
               correct_H1   0x00021b    program     static F:\Course-project-alarm-clock-\main.asm
             correct_H1_A   0x000301    program     static F:\Course-project-alarm-clock-\main.asm
         correct_H1_minus   0x00026e    program     static F:\Course-project-alarm-clock-\main.asm
       correct_H1_minus_A   0x00033c    program     static F:\Course-project-alarm-clock-\main.asm
               correct_H2   0x000213    program     static F:\Course-project-alarm-clock-\main.asm
             correct_H2_A   0x0002f9    program     static F:\Course-project-alarm-clock-\main.asm
         correct_H2_minus   0x000266    program     static F:\Course-project-alarm-clock-\main.asm
       correct_H2_minus_A   0x000334    program     static F:\Course-project-alarm-clock-\main.asm
               correct_M1   0x000231    program     static F:\Course-project-alarm-clock-\main.asm
             correct_M1_A   0x000317    program     static F:\Course-project-alarm-clock-\main.asm
         correct_M1_minus   0x000284    program     static F:\Course-project-alarm-clock-\main.asm
       correct_M1_minus_A   0x000352    program     static F:\Course-project-alarm-clock-\main.asm
               correct_M2   0x000229    program     static F:\Course-project-alarm-clock-\main.asm
             correct_M2_A   0x00030f    program     static F:\Course-project-alarm-clock-\main.asm
         correct_M2_minus   0x00027c    program     static F:\Course-project-alarm-clock-\main.asm
       correct_M2_minus_A   0x00034a    program     static F:\Course-project-alarm-clock-\main.asm
               correct_S1   0x000241    program     static F:\Course-project-alarm-clock-\main.asm
         correct_S1_minus   0x000294    program     static F:\Course-project-alarm-clock-\main.asm
               correct_S2   0x000239    program     static F:\Course-project-alarm-clock-\main.asm
         correct_S2_minus   0x00028c    program     static F:\Course-project-alarm-clock-\main.asm
          correct_T_minus   0x000249    program     static F:\Course-project-alarm-clock-\main.asm
           correct_T_plus   0x0001f6    program     static F:\Course-project-alarm-clock-\main.asm
           day_plus_blink   0x0000df    program     static F:\Course-project-alarm-clock-\main.asm
                    delay   0x0000ef    program     static F:\Course-project-alarm-clock-\main.asm
                end_clock   0x000096    program     static F:\Course-project-alarm-clock-\main.asm
                 end_keyb   0x0001ea    program     static F:\Course-project-alarm-clock-\main.asm
                    exday   0x0000d8    program     static F:\Course-project-alarm-clock-\main.asm
                   friday   0x0000c4    program     static F:\Course-project-alarm-clock-\main.asm
             minus_day_ch   0x0002ca    program     static F:\Course-project-alarm-clock-\main.asm
                   monday   0x0000a8    program     static F:\Course-project-alarm-clock-\main.asm
                  paintH1   0x00011b    program     static F:\Course-project-alarm-clock-\main.asm
                paintH1_A   0x00019a    program     static F:\Course-project-alarm-clock-\main.asm
                  paintH2   0x00010d    program     static F:\Course-project-alarm-clock-\main.asm
                paintH2_A   0x00018c    program     static F:\Course-project-alarm-clock-\main.asm
                  paintM1   0x000137    program     static F:\Course-project-alarm-clock-\main.asm
                paintM1_A   0x0001b6    program     static F:\Course-project-alarm-clock-\main.asm
                  paintM2   0x000129    program     static F:\Course-project-alarm-clock-\main.asm
                paintM2_A   0x0001a8    program     static F:\Course-project-alarm-clock-\main.asm
                  paintS1   0x000153    program     static F:\Course-project-alarm-clock-\main.asm
                  paintS2   0x000145    program     static F:\Course-project-alarm-clock-\main.asm
              plus_day_ch   0x0002be    program     static F:\Course-project-alarm-clock-\main.asm
                 printDay   0x000161    program     static F:\Course-project-alarm-clock-\main.asm
              return_A_H1   0x0001a7    program     static F:\Course-project-alarm-clock-\main.asm
              return_A_H2   0x000199    program     static F:\Course-project-alarm-clock-\main.asm
              return_A_M1   0x0001c3    program     static F:\Course-project-alarm-clock-\main.asm
              return_A_M2   0x0001b5    program     static F:\Course-project-alarm-clock-\main.asm
            return_COR_H1   0x000226    program     static F:\Course-project-alarm-clock-\main.asm
          return_COR_H1_A   0x00030c    program     static F:\Course-project-alarm-clock-\main.asm
    return_COR_H1_A_minus   0x000347    program     static F:\Course-project-alarm-clock-\main.asm
        return_COR_H1_MIN   0x000279    program     static F:\Course-project-alarm-clock-\main.asm
            return_COR_H2   0x00021a    program     static F:\Course-project-alarm-clock-\main.asm
          return_COR_H2_A   0x000300    program     static F:\Course-project-alarm-clock-\main.asm
    return_COR_H2_A_minus   0x00033b    program     static F:\Course-project-alarm-clock-\main.asm
        return_COR_H2_MIN   0x00026d    program     static F:\Course-project-alarm-clock-\main.asm
            return_COR_M1   0x000238    program     static F:\Course-project-alarm-clock-\main.asm
          return_COR_M1_A   0x00031e    program     static F:\Course-project-alarm-clock-\main.asm
    return_COR_M1_A_minus   0x000359    program     static F:\Course-project-alarm-clock-\main.asm
        return_COR_M1_MIN   0x00028b    program     static F:\Course-project-alarm-clock-\main.asm
            return_COR_M2   0x000230    program     static F:\Course-project-alarm-clock-\main.asm
          return_COR_M2_A   0x000316    program     static F:\Course-project-alarm-clock-\main.asm
    return_COR_M2_A_minus   0x000351    program     static F:\Course-project-alarm-clock-\main.asm
        return_COR_M2_MIN   0x000283    program     static F:\Course-project-alarm-clock-\main.asm
            return_COR_S1   0x000248    program     static F:\Course-project-alarm-clock-\main.asm
        return_COR_S1_MIN   0x00029b    program     static F:\Course-project-alarm-clock-\main.asm
            return_COR_S2   0x000240    program     static F:\Course-project-alarm-clock-\main.asm
        return_COR_S2_MIN   0x000293    program     static F:\Course-project-alarm-clock-\main.asm
               return_DAY   0x000172    program     static F:\Course-project-alarm-clock-\main.asm
                return_H1   0x000128    program     static F:\Course-project-alarm-clock-\main.asm
                return_H2   0x00011a    program     static F:\Course-project-alarm-clock-\main.asm
                return_M1   0x000144    program     static F:\Course-project-alarm-clock-\main.asm
                return_M2   0x000136    program     static F:\Course-project-alarm-clock-\main.asm
                return_S1   0x000160    program     static F:\Course-project-alarm-clock-\main.asm
                return_S2   0x000152    program     static F:\Course-project-alarm-clock-\main.asm
                 saturday   0x0000cb    program     static F:\Course-project-alarm-clock-\main.asm
                   save_A   0x00035a    program     static F:\Course-project-alarm-clock-\main.asm
                   save_T   0x00029c    program     static F:\Course-project-alarm-clock-\main.asm
              save_day_ch   0x0002d6    program     static F:\Course-project-alarm-clock-\main.asm
                   sunday   0x0000d2    program     static F:\Course-project-alarm-clock-\main.asm
                       t1   0x000221    program     static F:\Course-project-alarm-clock-\main.asm
                       t2   0x000278    program     static F:\Course-project-alarm-clock-\main.asm
                      ta1   0x000307    program     static F:\Course-project-alarm-clock-\main.asm
                      ta2   0x000346    program     static F:\Course-project-alarm-clock-\main.asm
                ten_clock   0x00008f    program     static F:\Course-project-alarm-clock-\main.asm
                 three_H1   0x000227    program     static F:\Course-project-alarm-clock-\main.asm
               three_H1_A   0x00030d    program     static F:\Course-project-alarm-clock-\main.asm
           three_H1_minus   0x00027a    program     static F:\Course-project-alarm-clock-\main.asm
         three_H1_minus_A   0x000348    program     static F:\Course-project-alarm-clock-\main.asm
                 thursday   0x0000bd    program     static F:\Course-project-alarm-clock-\main.asm
          time_plus_blink   0x0000d9    program     static F:\Course-project-alarm-clock-\main.asm
                  tuesday   0x0000af    program     static F:\Course-project-alarm-clock-\main.asm
                wednesday   0x0000b6    program     static F:\Course-project-alarm-clock-\main.asm
                    write   0x0000e7    program     static F:\Course-project-alarm-clock-\main.asm



                              Symbols - Sorted by Address
                     Name    Address   Location    Storage File                     
                ---------  ---------  ---------  --------- ---------                
                    begin   0x000004    program     static F:\Course-project-alarm-clock-\main.asm
                    START   0x000040    program     static F:\Course-project-alarm-clock-\main.asm
                ten_clock   0x00008f    program     static F:\Course-project-alarm-clock-\main.asm
                end_clock   0x000096    program     static F:\Course-project-alarm-clock-\main.asm
                      DEC   0x00009f    program     static F:\Course-project-alarm-clock-\main.asm
                   monday   0x0000a8    program     static F:\Course-project-alarm-clock-\main.asm
                  tuesday   0x0000af    program     static F:\Course-project-alarm-clock-\main.asm
                wednesday   0x0000b6    program     static F:\Course-project-alarm-clock-\main.asm
                 thursday   0x0000bd    program     static F:\Course-project-alarm-clock-\main.asm
                   friday   0x0000c4    program     static F:\Course-project-alarm-clock-\main.asm
                 saturday   0x0000cb    program     static F:\Course-project-alarm-clock-\main.asm
                   sunday   0x0000d2    program     static F:\Course-project-alarm-clock-\main.asm
                    exday   0x0000d8    program     static F:\Course-project-alarm-clock-\main.asm
          time_plus_blink   0x0000d9    program     static F:\Course-project-alarm-clock-\main.asm
           day_plus_blink   0x0000df    program     static F:\Course-project-alarm-clock-\main.asm
         alarm_plus_blink   0x0000e3    program     static F:\Course-project-alarm-clock-\main.asm
                    write   0x0000e7    program     static F:\Course-project-alarm-clock-\main.asm
                    delay   0x0000ef    program     static F:\Course-project-alarm-clock-\main.asm
                  BD_Loop   0x0000f3    program     static F:\Course-project-alarm-clock-\main.asm
                  LCD_one   0x0000f9    program     static F:\Course-project-alarm-clock-\main.asm
                  paintH2   0x00010d    program     static F:\Course-project-alarm-clock-\main.asm
             blink_off_H2   0x000115    program     static F:\Course-project-alarm-clock-\main.asm
              blink_on_H2   0x000118    program     static F:\Course-project-alarm-clock-\main.asm
                return_H2   0x00011a    program     static F:\Course-project-alarm-clock-\main.asm
                  paintH1   0x00011b    program     static F:\Course-project-alarm-clock-\main.asm
             blink_off_H1   0x000123    program     static F:\Course-project-alarm-clock-\main.asm
              blink_on_H1   0x000126    program     static F:\Course-project-alarm-clock-\main.asm
                return_H1   0x000128    program     static F:\Course-project-alarm-clock-\main.asm
                  paintM2   0x000129    program     static F:\Course-project-alarm-clock-\main.asm
             blink_off_M2   0x000131    program     static F:\Course-project-alarm-clock-\main.asm
              blink_on_M2   0x000134    program     static F:\Course-project-alarm-clock-\main.asm
                return_M2   0x000136    program     static F:\Course-project-alarm-clock-\main.asm
                  paintM1   0x000137    program     static F:\Course-project-alarm-clock-\main.asm
             blink_off_M1   0x00013f    program     static F:\Course-project-alarm-clock-\main.asm
              blink_on_M1   0x000142    program     static F:\Course-project-alarm-clock-\main.asm
                return_M1   0x000144    program     static F:\Course-project-alarm-clock-\main.asm
                  paintS2   0x000145    program     static F:\Course-project-alarm-clock-\main.asm
             blink_off_S2   0x00014d    program     static F:\Course-project-alarm-clock-\main.asm
              blink_on_S2   0x000150    program     static F:\Course-project-alarm-clock-\main.asm
                return_S2   0x000152    program     static F:\Course-project-alarm-clock-\main.asm
                  paintS1   0x000153    program     static F:\Course-project-alarm-clock-\main.asm
             blink_off_S1   0x00015b    program     static F:\Course-project-alarm-clock-\main.asm
              blink_on_S1   0x00015e    program     static F:\Course-project-alarm-clock-\main.asm
                return_S1   0x000160    program     static F:\Course-project-alarm-clock-\main.asm
                 printDay   0x000161    program     static F:\Course-project-alarm-clock-\main.asm
            blink_off_day   0x000169    program     static F:\Course-project-alarm-clock-\main.asm
             blink_on_day   0x000170    program     static F:\Course-project-alarm-clock-\main.asm
               return_DAY   0x000172    program     static F:\Course-project-alarm-clock-\main.asm
                  LCD_two   0x000173    program     static F:\Course-project-alarm-clock-\main.asm
                paintH2_A   0x00018c    program     static F:\Course-project-alarm-clock-\main.asm
           blink_off_H2_A   0x000194    program     static F:\Course-project-alarm-clock-\main.asm
            blink_on_H2_A   0x000197    program     static F:\Course-project-alarm-clock-\main.asm
              return_A_H2   0x000199    program     static F:\Course-project-alarm-clock-\main.asm
                paintH1_A   0x00019a    program     static F:\Course-project-alarm-clock-\main.asm
           blink_off_H1_A   0x0001a2    program     static F:\Course-project-alarm-clock-\main.asm
            blink_on_H1_A   0x0001a5    program     static F:\Course-project-alarm-clock-\main.asm
              return_A_H1   0x0001a7    program     static F:\Course-project-alarm-clock-\main.asm
                paintM2_A   0x0001a8    program     static F:\Course-project-alarm-clock-\main.asm
           blink_off_M2_A   0x0001b0    program     static F:\Course-project-alarm-clock-\main.asm
            blink_on_M2_A   0x0001b3    program     static F:\Course-project-alarm-clock-\main.asm
              return_A_M2   0x0001b5    program     static F:\Course-project-alarm-clock-\main.asm
                paintM1_A   0x0001b6    program     static F:\Course-project-alarm-clock-\main.asm
           blink_off_M1_A   0x0001be    program     static F:\Course-project-alarm-clock-\main.asm
            blink_on_M1_A   0x0001c1    program     static F:\Course-project-alarm-clock-\main.asm
              return_A_M1   0x0001c3    program     static F:\Course-project-alarm-clock-\main.asm
                 Keyboard   0x0001c4    program     static F:\Course-project-alarm-clock-\main.asm
                     col1   0x0001cb    program     static F:\Course-project-alarm-clock-\main.asm
                     col2   0x0001d6    program     static F:\Course-project-alarm-clock-\main.asm
                     col3   0x0001df    program     static F:\Course-project-alarm-clock-\main.asm
                 end_keyb   0x0001ea    program     static F:\Course-project-alarm-clock-\main.asm
              change_time   0x0001eb    program     static F:\Course-project-alarm-clock-\main.asm
           correct_T_plus   0x0001f6    program     static F:\Course-project-alarm-clock-\main.asm
               correct_H2   0x000213    program     static F:\Course-project-alarm-clock-\main.asm
            return_COR_H2   0x00021a    program     static F:\Course-project-alarm-clock-\main.asm
               correct_H1   0x00021b    program     static F:\Course-project-alarm-clock-\main.asm
                       t1   0x000221    program     static F:\Course-project-alarm-clock-\main.asm
            return_COR_H1   0x000226    program     static F:\Course-project-alarm-clock-\main.asm
                 three_H1   0x000227    program     static F:\Course-project-alarm-clock-\main.asm
               correct_M2   0x000229    program     static F:\Course-project-alarm-clock-\main.asm
            return_COR_M2   0x000230    program     static F:\Course-project-alarm-clock-\main.asm
               correct_M1   0x000231    program     static F:\Course-project-alarm-clock-\main.asm
            return_COR_M1   0x000238    program     static F:\Course-project-alarm-clock-\main.asm
               correct_S2   0x000239    program     static F:\Course-project-alarm-clock-\main.asm
            return_COR_S2   0x000240    program     static F:\Course-project-alarm-clock-\main.asm
               correct_S1   0x000241    program     static F:\Course-project-alarm-clock-\main.asm
            return_COR_S1   0x000248    program     static F:\Course-project-alarm-clock-\main.asm
          correct_T_minus   0x000249    program     static F:\Course-project-alarm-clock-\main.asm
         correct_H2_minus   0x000266    program     static F:\Course-project-alarm-clock-\main.asm
        return_COR_H2_MIN   0x00026d    program     static F:\Course-project-alarm-clock-\main.asm
         correct_H1_minus   0x00026e    program     static F:\Course-project-alarm-clock-\main.asm
                       t2   0x000278    program     static F:\Course-project-alarm-clock-\main.asm
        return_COR_H1_MIN   0x000279    program     static F:\Course-project-alarm-clock-\main.asm
           three_H1_minus   0x00027a    program     static F:\Course-project-alarm-clock-\main.asm
         correct_M2_minus   0x00027c    program     static F:\Course-project-alarm-clock-\main.asm
        return_COR_M2_MIN   0x000283    program     static F:\Course-project-alarm-clock-\main.asm
         correct_M1_minus   0x000284    program     static F:\Course-project-alarm-clock-\main.asm
        return_COR_M1_MIN   0x00028b    program     static F:\Course-project-alarm-clock-\main.asm
         correct_S2_minus   0x00028c    program     static F:\Course-project-alarm-clock-\main.asm
        return_COR_S2_MIN   0x000293    program     static F:\Course-project-alarm-clock-\main.asm
         correct_S1_minus   0x000294    program     static F:\Course-project-alarm-clock-\main.asm
        return_COR_S1_MIN   0x00029b    program     static F:\Course-project-alarm-clock-\main.asm
                   save_T   0x00029c    program     static F:\Course-project-alarm-clock-\main.asm
               change_HMS   0x0002a6    program     static F:\Course-project-alarm-clock-\main.asm
               change_day   0x0002b3    program     static F:\Course-project-alarm-clock-\main.asm
              plus_day_ch   0x0002be    program     static F:\Course-project-alarm-clock-\main.asm
             minus_day_ch   0x0002ca    program     static F:\Course-project-alarm-clock-\main.asm
              save_day_ch   0x0002d6    program     static F:\Course-project-alarm-clock-\main.asm
             change_alarm   0x0002d9    program     static F:\Course-project-alarm-clock-\main.asm
           correct_A_plus   0x0002e4    program     static F:\Course-project-alarm-clock-\main.asm
             correct_H2_A   0x0002f9    program     static F:\Course-project-alarm-clock-\main.asm
          return_COR_H2_A   0x000300    program     static F:\Course-project-alarm-clock-\main.asm
             correct_H1_A   0x000301    program     static F:\Course-project-alarm-clock-\main.asm
                      ta1   0x000307    program     static F:\Course-project-alarm-clock-\main.asm
          return_COR_H1_A   0x00030c    program     static F:\Course-project-alarm-clock-\main.asm
               three_H1_A   0x00030d    program     static F:\Course-project-alarm-clock-\main.asm
             correct_M2_A   0x00030f    program     static F:\Course-project-alarm-clock-\main.asm
          return_COR_M2_A   0x000316    program     static F:\Course-project-alarm-clock-\main.asm
             correct_M1_A   0x000317    program     static F:\Course-project-alarm-clock-\main.asm
          return_COR_M1_A   0x00031e    program     static F:\Course-project-alarm-clock-\main.asm
          correct_A_minus   0x00031f    program     static F:\Course-project-alarm-clock-\main.asm
       correct_H2_minus_A   0x000334    program     static F:\Course-project-alarm-clock-\main.asm
    return_COR_H2_A_minus   0x00033b    program     static F:\Course-project-alarm-clock-\main.asm
       correct_H1_minus_A   0x00033c    program     static F:\Course-project-alarm-clock-\main.asm
                      ta2   0x000346    program     static F:\Course-project-alarm-clock-\main.asm
    return_COR_H1_A_minus   0x000347    program     static F:\Course-project-alarm-clock-\main.asm
         three_H1_minus_A   0x000348    program     static F:\Course-project-alarm-clock-\main.asm
       correct_M2_minus_A   0x00034a    program     static F:\Course-project-alarm-clock-\main.asm
    return_COR_M2_A_minus   0x000351    program     static F:\Course-project-alarm-clock-\main.asm
       correct_M1_minus_A   0x000352    program     static F:\Course-project-alarm-clock-\main.asm
    return_COR_M1_A_minus   0x000359    program     static F:\Course-project-alarm-clock-\main.asm
                   save_A   0x00035a    program     static F:\Course-project-alarm-clock-\main.asm
              change_AHMS   0x000364    program     static F:\Course-project-alarm-clock-\main.asm


