MPLINK 5.08, LINKER
Linker Map File - Created Tue Oct 24 16:27:57 2017

                                 Section Info
                  Section       Type    Address   Location Size(Bytes)
                ---------  ---------  ---------  ---------  ---------
                   .org_0       code   0x000000    program   0x0006d4
                   .cinit    romdata   0x00036a    program   0x000004



                              Program Memory Usage 
                               Start         End      
                           ---------   ---------      
                            0x000000    0x00036b      
            876 out of 8454 program addresses used, program memory utilization is 10%



                              Symbols - Sorted by Name
                     Name    Address   Location    Storage File                     
                ---------  ---------  ---------  --------- ---------                
                  BD_Loop   0x0000f0    program     static F:\Course-project-alarm-clock-\main.asm
                      DEC   0x00009f    program     static F:\Course-project-alarm-clock-\main.asm
                 Keyboard   0x0001c1    program     static F:\Course-project-alarm-clock-\main.asm
                  LCD_one   0x0000f6    program     static F:\Course-project-alarm-clock-\main.asm
                  LCD_two   0x000170    program     static F:\Course-project-alarm-clock-\main.asm
                    START   0x000040    program     static F:\Course-project-alarm-clock-\main.asm
         alarm_plus_blink   0x0000e0    program     static F:\Course-project-alarm-clock-\main.asm
                    begin   0x000004    program     static F:\Course-project-alarm-clock-\main.asm
             blink_off_H1   0x000120    program     static F:\Course-project-alarm-clock-\main.asm
           blink_off_H1_A   0x00019f    program     static F:\Course-project-alarm-clock-\main.asm
             blink_off_H2   0x000112    program     static F:\Course-project-alarm-clock-\main.asm
           blink_off_H2_A   0x000191    program     static F:\Course-project-alarm-clock-\main.asm
             blink_off_M1   0x00013c    program     static F:\Course-project-alarm-clock-\main.asm
           blink_off_M1_A   0x0001bb    program     static F:\Course-project-alarm-clock-\main.asm
             blink_off_M2   0x00012e    program     static F:\Course-project-alarm-clock-\main.asm
           blink_off_M2_A   0x0001ad    program     static F:\Course-project-alarm-clock-\main.asm
             blink_off_S1   0x000158    program     static F:\Course-project-alarm-clock-\main.asm
             blink_off_S2   0x00014a    program     static F:\Course-project-alarm-clock-\main.asm
            blink_off_day   0x000166    program     static F:\Course-project-alarm-clock-\main.asm
              blink_on_H1   0x000123    program     static F:\Course-project-alarm-clock-\main.asm
            blink_on_H1_A   0x0001a2    program     static F:\Course-project-alarm-clock-\main.asm
              blink_on_H2   0x000115    program     static F:\Course-project-alarm-clock-\main.asm
            blink_on_H2_A   0x000194    program     static F:\Course-project-alarm-clock-\main.asm
              blink_on_M1   0x00013f    program     static F:\Course-project-alarm-clock-\main.asm
            blink_on_M1_A   0x0001be    program     static F:\Course-project-alarm-clock-\main.asm
              blink_on_M2   0x000131    program     static F:\Course-project-alarm-clock-\main.asm
            blink_on_M2_A   0x0001b0    program     static F:\Course-project-alarm-clock-\main.asm
              blink_on_S1   0x00015b    program     static F:\Course-project-alarm-clock-\main.asm
              blink_on_S2   0x00014d    program     static F:\Course-project-alarm-clock-\main.asm
             blink_on_day   0x00016d    program     static F:\Course-project-alarm-clock-\main.asm
              change_AHMS   0x000361    program     static F:\Course-project-alarm-clock-\main.asm
               change_HMS   0x0002a3    program     static F:\Course-project-alarm-clock-\main.asm
             change_alarm   0x0002d6    program     static F:\Course-project-alarm-clock-\main.asm
               change_day   0x0002b0    program     static F:\Course-project-alarm-clock-\main.asm
              change_time   0x0001e8    program     static F:\Course-project-alarm-clock-\main.asm
                     col1   0x0001c8    program     static F:\Course-project-alarm-clock-\main.asm
                     col2   0x0001d3    program     static F:\Course-project-alarm-clock-\main.asm
                     col3   0x0001dc    program     static F:\Course-project-alarm-clock-\main.asm
          correct_A_minus   0x00031c    program     static F:\Course-project-alarm-clock-\main.asm
           correct_A_plus   0x0002e1    program     static F:\Course-project-alarm-clock-\main.asm
               correct_H1   0x000218    program     static F:\Course-project-alarm-clock-\main.asm
             correct_H1_A   0x0002fe    program     static F:\Course-project-alarm-clock-\main.asm
         correct_H1_minus   0x00026b    program     static F:\Course-project-alarm-clock-\main.asm
       correct_H1_minus_A   0x000339    program     static F:\Course-project-alarm-clock-\main.asm
               correct_H2   0x000210    program     static F:\Course-project-alarm-clock-\main.asm
             correct_H2_A   0x0002f6    program     static F:\Course-project-alarm-clock-\main.asm
         correct_H2_minus   0x000263    program     static F:\Course-project-alarm-clock-\main.asm
       correct_H2_minus_A   0x000331    program     static F:\Course-project-alarm-clock-\main.asm
               correct_M1   0x00022e    program     static F:\Course-project-alarm-clock-\main.asm
             correct_M1_A   0x000314    program     static F:\Course-project-alarm-clock-\main.asm
         correct_M1_minus   0x000281    program     static F:\Course-project-alarm-clock-\main.asm
       correct_M1_minus_A   0x00034f    program     static F:\Course-project-alarm-clock-\main.asm
               correct_M2   0x000226    program     static F:\Course-project-alarm-clock-\main.asm
             correct_M2_A   0x00030c    program     static F:\Course-project-alarm-clock-\main.asm
         correct_M2_minus   0x000279    program     static F:\Course-project-alarm-clock-\main.asm
       correct_M2_minus_A   0x000347    program     static F:\Course-project-alarm-clock-\main.asm
               correct_S1   0x00023e    program     static F:\Course-project-alarm-clock-\main.asm
         correct_S1_minus   0x000291    program     static F:\Course-project-alarm-clock-\main.asm
               correct_S2   0x000236    program     static F:\Course-project-alarm-clock-\main.asm
         correct_S2_minus   0x000289    program     static F:\Course-project-alarm-clock-\main.asm
          correct_T_minus   0x000246    program     static F:\Course-project-alarm-clock-\main.asm
           correct_T_plus   0x0001f3    program     static F:\Course-project-alarm-clock-\main.asm
           day_plus_blink   0x0000dc    program     static F:\Course-project-alarm-clock-\main.asm
                    delay   0x0000ec    program     static F:\Course-project-alarm-clock-\main.asm
                end_clock   0x000096    program     static F:\Course-project-alarm-clock-\main.asm
                    exday   0x0000d8    program     static F:\Course-project-alarm-clock-\main.asm
                   friday   0x0000c4    program     static F:\Course-project-alarm-clock-\main.asm
             minus_day_ch   0x0002c7    program     static F:\Course-project-alarm-clock-\main.asm
                   monday   0x0000a8    program     static F:\Course-project-alarm-clock-\main.asm
                  paintH1   0x000118    program     static F:\Course-project-alarm-clock-\main.asm
                paintH1_A   0x000197    program     static F:\Course-project-alarm-clock-\main.asm
                  paintH2   0x00010a    program     static F:\Course-project-alarm-clock-\main.asm
                paintH2_A   0x000189    program     static F:\Course-project-alarm-clock-\main.asm
                  paintM1   0x000134    program     static F:\Course-project-alarm-clock-\main.asm
                paintM1_A   0x0001b3    program     static F:\Course-project-alarm-clock-\main.asm
                  paintM2   0x000126    program     static F:\Course-project-alarm-clock-\main.asm
                paintM2_A   0x0001a5    program     static F:\Course-project-alarm-clock-\main.asm
                  paintS1   0x000150    program     static F:\Course-project-alarm-clock-\main.asm
                  paintS2   0x000142    program     static F:\Course-project-alarm-clock-\main.asm
              plus_day_ch   0x0002bb    program     static F:\Course-project-alarm-clock-\main.asm
                 printDay   0x00015e    program     static F:\Course-project-alarm-clock-\main.asm
                 saturday   0x0000cb    program     static F:\Course-project-alarm-clock-\main.asm
                   save_A   0x000357    program     static F:\Course-project-alarm-clock-\main.asm
                   save_T   0x000299    program     static F:\Course-project-alarm-clock-\main.asm
              save_day_ch   0x0002d3    program     static F:\Course-project-alarm-clock-\main.asm
                   sunday   0x0000d2    program     static F:\Course-project-alarm-clock-\main.asm
                       t1   0x00021e    program     static F:\Course-project-alarm-clock-\main.asm
                       t2   0x000275    program     static F:\Course-project-alarm-clock-\main.asm
                      ta1   0x000304    program     static F:\Course-project-alarm-clock-\main.asm
                      ta2   0x000343    program     static F:\Course-project-alarm-clock-\main.asm
                ten_clock   0x00008f    program     static F:\Course-project-alarm-clock-\main.asm
                 three_H1   0x000224    program     static F:\Course-project-alarm-clock-\main.asm
               three_H1_A   0x00030a    program     static F:\Course-project-alarm-clock-\main.asm
           three_H1_minus   0x000277    program     static F:\Course-project-alarm-clock-\main.asm
         three_H1_minus_A   0x000345    program     static F:\Course-project-alarm-clock-\main.asm
                 thursday   0x0000bd    program     static F:\Course-project-alarm-clock-\main.asm
          time_plus_blink   0x0000d9    program     static F:\Course-project-alarm-clock-\main.asm
                  tuesday   0x0000af    program     static F:\Course-project-alarm-clock-\main.asm
                wednesday   0x0000b6    program     static F:\Course-project-alarm-clock-\main.asm
                    write   0x0000e4    program     static F:\Course-project-alarm-clock-\main.asm



                              Symbols - Sorted by Address
                     Name    Address   Location    Storage File                     
                ---------  ---------  ---------  --------- ---------                
                    begin   0x000004    program     static F:\Course-project-alarm-clock-\main.asm
                    START   0x000040    program     static F:\Course-project-alarm-clock-\main.asm
                ten_clock   0x00008f    program     static F:\Course-project-alarm-clock-\main.asm
                end_clock   0x000096    program     static F:\Course-project-alarm-clock-\main.asm
                      DEC   0x00009f    program     static F:\Course-project-alarm-clock-\main.asm
                   monday   0x0000a8    program     static F:\Course-project-alarm-clock-\main.asm
                  tuesday   0x0000af    program     static F:\Course-project-alarm-clock-\main.asm
                wednesday   0x0000b6    program     static F:\Course-project-alarm-clock-\main.asm
                 thursday   0x0000bd    program     static F:\Course-project-alarm-clock-\main.asm
                   friday   0x0000c4    program     static F:\Course-project-alarm-clock-\main.asm
                 saturday   0x0000cb    program     static F:\Course-project-alarm-clock-\main.asm
                   sunday   0x0000d2    program     static F:\Course-project-alarm-clock-\main.asm
                    exday   0x0000d8    program     static F:\Course-project-alarm-clock-\main.asm
          time_plus_blink   0x0000d9    program     static F:\Course-project-alarm-clock-\main.asm
           day_plus_blink   0x0000dc    program     static F:\Course-project-alarm-clock-\main.asm
         alarm_plus_blink   0x0000e0    program     static F:\Course-project-alarm-clock-\main.asm
                    write   0x0000e4    program     static F:\Course-project-alarm-clock-\main.asm
                    delay   0x0000ec    program     static F:\Course-project-alarm-clock-\main.asm
                  BD_Loop   0x0000f0    program     static F:\Course-project-alarm-clock-\main.asm
                  LCD_one   0x0000f6    program     static F:\Course-project-alarm-clock-\main.asm
                  paintH2   0x00010a    program     static F:\Course-project-alarm-clock-\main.asm
             blink_off_H2   0x000112    program     static F:\Course-project-alarm-clock-\main.asm
              blink_on_H2   0x000115    program     static F:\Course-project-alarm-clock-\main.asm
                  paintH1   0x000118    program     static F:\Course-project-alarm-clock-\main.asm
             blink_off_H1   0x000120    program     static F:\Course-project-alarm-clock-\main.asm
              blink_on_H1   0x000123    program     static F:\Course-project-alarm-clock-\main.asm
                  paintM2   0x000126    program     static F:\Course-project-alarm-clock-\main.asm
             blink_off_M2   0x00012e    program     static F:\Course-project-alarm-clock-\main.asm
              blink_on_M2   0x000131    program     static F:\Course-project-alarm-clock-\main.asm
                  paintM1   0x000134    program     static F:\Course-project-alarm-clock-\main.asm
             blink_off_M1   0x00013c    program     static F:\Course-project-alarm-clock-\main.asm
              blink_on_M1   0x00013f    program     static F:\Course-project-alarm-clock-\main.asm
                  paintS2   0x000142    program     static F:\Course-project-alarm-clock-\main.asm
             blink_off_S2   0x00014a    program     static F:\Course-project-alarm-clock-\main.asm
              blink_on_S2   0x00014d    program     static F:\Course-project-alarm-clock-\main.asm
                  paintS1   0x000150    program     static F:\Course-project-alarm-clock-\main.asm
             blink_off_S1   0x000158    program     static F:\Course-project-alarm-clock-\main.asm
              blink_on_S1   0x00015b    program     static F:\Course-project-alarm-clock-\main.asm
                 printDay   0x00015e    program     static F:\Course-project-alarm-clock-\main.asm
            blink_off_day   0x000166    program     static F:\Course-project-alarm-clock-\main.asm
             blink_on_day   0x00016d    program     static F:\Course-project-alarm-clock-\main.asm
                  LCD_two   0x000170    program     static F:\Course-project-alarm-clock-\main.asm
                paintH2_A   0x000189    program     static F:\Course-project-alarm-clock-\main.asm
           blink_off_H2_A   0x000191    program     static F:\Course-project-alarm-clock-\main.asm
            blink_on_H2_A   0x000194    program     static F:\Course-project-alarm-clock-\main.asm
                paintH1_A   0x000197    program     static F:\Course-project-alarm-clock-\main.asm
           blink_off_H1_A   0x00019f    program     static F:\Course-project-alarm-clock-\main.asm
            blink_on_H1_A   0x0001a2    program     static F:\Course-project-alarm-clock-\main.asm
                paintM2_A   0x0001a5    program     static F:\Course-project-alarm-clock-\main.asm
           blink_off_M2_A   0x0001ad    program     static F:\Course-project-alarm-clock-\main.asm
            blink_on_M2_A   0x0001b0    program     static F:\Course-project-alarm-clock-\main.asm
                paintM1_A   0x0001b3    program     static F:\Course-project-alarm-clock-\main.asm
           blink_off_M1_A   0x0001bb    program     static F:\Course-project-alarm-clock-\main.asm
            blink_on_M1_A   0x0001be    program     static F:\Course-project-alarm-clock-\main.asm
                 Keyboard   0x0001c1    program     static F:\Course-project-alarm-clock-\main.asm
                     col1   0x0001c8    program     static F:\Course-project-alarm-clock-\main.asm
                     col2   0x0001d3    program     static F:\Course-project-alarm-clock-\main.asm
                     col3   0x0001dc    program     static F:\Course-project-alarm-clock-\main.asm
              change_time   0x0001e8    program     static F:\Course-project-alarm-clock-\main.asm
           correct_T_plus   0x0001f3    program     static F:\Course-project-alarm-clock-\main.asm
               correct_H2   0x000210    program     static F:\Course-project-alarm-clock-\main.asm
               correct_H1   0x000218    program     static F:\Course-project-alarm-clock-\main.asm
                       t1   0x00021e    program     static F:\Course-project-alarm-clock-\main.asm
                 three_H1   0x000224    program     static F:\Course-project-alarm-clock-\main.asm
               correct_M2   0x000226    program     static F:\Course-project-alarm-clock-\main.asm
               correct_M1   0x00022e    program     static F:\Course-project-alarm-clock-\main.asm
               correct_S2   0x000236    program     static F:\Course-project-alarm-clock-\main.asm
               correct_S1   0x00023e    program     static F:\Course-project-alarm-clock-\main.asm
          correct_T_minus   0x000246    program     static F:\Course-project-alarm-clock-\main.asm
         correct_H2_minus   0x000263    program     static F:\Course-project-alarm-clock-\main.asm
         correct_H1_minus   0x00026b    program     static F:\Course-project-alarm-clock-\main.asm
                       t2   0x000275    program     static F:\Course-project-alarm-clock-\main.asm
           three_H1_minus   0x000277    program     static F:\Course-project-alarm-clock-\main.asm
         correct_M2_minus   0x000279    program     static F:\Course-project-alarm-clock-\main.asm
         correct_M1_minus   0x000281    program     static F:\Course-project-alarm-clock-\main.asm
         correct_S2_minus   0x000289    program     static F:\Course-project-alarm-clock-\main.asm
         correct_S1_minus   0x000291    program     static F:\Course-project-alarm-clock-\main.asm
                   save_T   0x000299    program     static F:\Course-project-alarm-clock-\main.asm
               change_HMS   0x0002a3    program     static F:\Course-project-alarm-clock-\main.asm
               change_day   0x0002b0    program     static F:\Course-project-alarm-clock-\main.asm
              plus_day_ch   0x0002bb    program     static F:\Course-project-alarm-clock-\main.asm
             minus_day_ch   0x0002c7    program     static F:\Course-project-alarm-clock-\main.asm
              save_day_ch   0x0002d3    program     static F:\Course-project-alarm-clock-\main.asm
             change_alarm   0x0002d6    program     static F:\Course-project-alarm-clock-\main.asm
           correct_A_plus   0x0002e1    program     static F:\Course-project-alarm-clock-\main.asm
             correct_H2_A   0x0002f6    program     static F:\Course-project-alarm-clock-\main.asm
             correct_H1_A   0x0002fe    program     static F:\Course-project-alarm-clock-\main.asm
                      ta1   0x000304    program     static F:\Course-project-alarm-clock-\main.asm
               three_H1_A   0x00030a    program     static F:\Course-project-alarm-clock-\main.asm
             correct_M2_A   0x00030c    program     static F:\Course-project-alarm-clock-\main.asm
             correct_M1_A   0x000314    program     static F:\Course-project-alarm-clock-\main.asm
          correct_A_minus   0x00031c    program     static F:\Course-project-alarm-clock-\main.asm
       correct_H2_minus_A   0x000331    program     static F:\Course-project-alarm-clock-\main.asm
       correct_H1_minus_A   0x000339    program     static F:\Course-project-alarm-clock-\main.asm
                      ta2   0x000343    program     static F:\Course-project-alarm-clock-\main.asm
         three_H1_minus_A   0x000345    program     static F:\Course-project-alarm-clock-\main.asm
       correct_M2_minus_A   0x000347    program     static F:\Course-project-alarm-clock-\main.asm
       correct_M1_minus_A   0x00034f    program     static F:\Course-project-alarm-clock-\main.asm
                   save_A   0x000357    program     static F:\Course-project-alarm-clock-\main.asm
              change_AHMS   0x000361    program     static F:\Course-project-alarm-clock-\main.asm


