MPLINK 5.08, LINKER
Linker Map File - Created Wed Oct 18 14:58:12 2017

                                 Section Info
                  Section       Type    Address   Location Size(Bytes)
                ---------  ---------  ---------  ---------  ---------
                   .org_0       code   0x000000    program   0x00048a
                   .cinit    romdata   0x000245    program   0x000004



                              Program Memory Usage 
                               Start         End      
                           ---------   ---------      
                            0x000000    0x000246      
            583 out of 8454 program addresses used, program memory utilization is 6%



                              Symbols - Sorted by Name
                     Name    Address   Location    Storage File                     
                ---------  ---------  ---------  --------- ---------                
                  BD_Loop   0x0000d5    program     static F:\Course-project-alarm-clock-\Fish2_4.asm
                      DEC   0x0000f9    program     static F:\Course-project-alarm-clock-\Fish2_4.asm
                 Keyboard   0x000159    program     static F:\Course-project-alarm-clock-\Fish2_4.asm
                    START   0x000042    program     static F:\Course-project-alarm-clock-\Fish2_4.asm
             _.org_0_0243   0x000243    program     static F:\Course-project-alarm-clock-\Fish2_4.asm
                    begin   0x000004    program     static F:\Course-project-alarm-clock-\Fish2_4.asm
               change_HMS   0x000232    program     static F:\Course-project-alarm-clock-\Fish2_4.asm
               change_day   0x000133    program     static F:\Course-project-alarm-clock-\Fish2_4.asm
              change_time   0x0000db    program     static F:\Course-project-alarm-clock-\Fish2_4.asm
                     col1   0x000164    program     static F:\Course-project-alarm-clock-\Fish2_4.asm
                     col2   0x00016f    program     static F:\Course-project-alarm-clock-\Fish2_4.asm
                     col3   0x000178    program     static F:\Course-project-alarm-clock-\Fish2_4.asm
               correct_H1   0x0001a7    program     static F:\Course-project-alarm-clock-\Fish2_4.asm
         correct_H1_minus   0x0001fa    program     static F:\Course-project-alarm-clock-\Fish2_4.asm
               correct_H2   0x00019f    program     static F:\Course-project-alarm-clock-\Fish2_4.asm
         correct_H2_minus   0x0001f2    program     static F:\Course-project-alarm-clock-\Fish2_4.asm
               correct_M1   0x0001bd    program     static F:\Course-project-alarm-clock-\Fish2_4.asm
         correct_M1_minus   0x000210    program     static F:\Course-project-alarm-clock-\Fish2_4.asm
               correct_M2   0x0001b5    program     static F:\Course-project-alarm-clock-\Fish2_4.asm
         correct_M2_minus   0x000208    program     static F:\Course-project-alarm-clock-\Fish2_4.asm
               correct_S1   0x0001cd    program     static F:\Course-project-alarm-clock-\Fish2_4.asm
         correct_S1_minus   0x000220    program     static F:\Course-project-alarm-clock-\Fish2_4.asm
               correct_S2   0x0001c5    program     static F:\Course-project-alarm-clock-\Fish2_4.asm
         correct_S2_minus   0x000218    program     static F:\Course-project-alarm-clock-\Fish2_4.asm
          correct_T_minus   0x0001d5    program     static F:\Course-project-alarm-clock-\Fish2_4.asm
           correct_T_plus   0x000182    program     static F:\Course-project-alarm-clock-\Fish2_4.asm
                    delay   0x0000d1    program     static F:\Course-project-alarm-clock-\Fish2_4.asm
                end_clock   0x0000a5    program     static F:\Course-project-alarm-clock-\Fish2_4.asm
                    exday   0x000132    program     static F:\Course-project-alarm-clock-\Fish2_4.asm
                   friday   0x00011e    program     static F:\Course-project-alarm-clock-\Fish2_4.asm
             minus_day_ch   0x00014d    program     static F:\Course-project-alarm-clock-\Fish2_4.asm
                   monday   0x000102    program     static F:\Course-project-alarm-clock-\Fish2_4.asm
              plus_day_ch   0x000141    program     static F:\Course-project-alarm-clock-\Fish2_4.asm
                 saturday   0x000125    program     static F:\Course-project-alarm-clock-\Fish2_4.asm
                   save_T   0x000228    program     static F:\Course-project-alarm-clock-\Fish2_4.asm
              small_delay   0x000240    program     static F:\Course-project-alarm-clock-\Fish2_4.asm
                   sunday   0x00012c    program     static F:\Course-project-alarm-clock-\Fish2_4.asm
                       t1   0x0001ad    program     static F:\Course-project-alarm-clock-\Fish2_4.asm
                       t2   0x000204    program     static F:\Course-project-alarm-clock-\Fish2_4.asm
                ten_clock   0x00009e    program     static F:\Course-project-alarm-clock-\Fish2_4.asm
                 three_H1   0x0001b3    program     static F:\Course-project-alarm-clock-\Fish2_4.asm
           three_H1_minus   0x000206    program     static F:\Course-project-alarm-clock-\Fish2_4.asm
                 thursday   0x000117    program     static F:\Course-project-alarm-clock-\Fish2_4.asm
                  tuesday   0x000109    program     static F:\Course-project-alarm-clock-\Fish2_4.asm
                wednesday   0x000110    program     static F:\Course-project-alarm-clock-\Fish2_4.asm
                    write   0x0000c9    program     static F:\Course-project-alarm-clock-\Fish2_4.asm



                              Symbols - Sorted by Address
                     Name    Address   Location    Storage File                     
                ---------  ---------  ---------  --------- ---------                
                    begin   0x000004    program     static F:\Course-project-alarm-clock-\Fish2_4.asm
                    START   0x000042    program     static F:\Course-project-alarm-clock-\Fish2_4.asm
                ten_clock   0x00009e    program     static F:\Course-project-alarm-clock-\Fish2_4.asm
                end_clock   0x0000a5    program     static F:\Course-project-alarm-clock-\Fish2_4.asm
                    write   0x0000c9    program     static F:\Course-project-alarm-clock-\Fish2_4.asm
                    delay   0x0000d1    program     static F:\Course-project-alarm-clock-\Fish2_4.asm
                  BD_Loop   0x0000d5    program     static F:\Course-project-alarm-clock-\Fish2_4.asm
              change_time   0x0000db    program     static F:\Course-project-alarm-clock-\Fish2_4.asm
                      DEC   0x0000f9    program     static F:\Course-project-alarm-clock-\Fish2_4.asm
                   monday   0x000102    program     static F:\Course-project-alarm-clock-\Fish2_4.asm
                  tuesday   0x000109    program     static F:\Course-project-alarm-clock-\Fish2_4.asm
                wednesday   0x000110    program     static F:\Course-project-alarm-clock-\Fish2_4.asm
                 thursday   0x000117    program     static F:\Course-project-alarm-clock-\Fish2_4.asm
                   friday   0x00011e    program     static F:\Course-project-alarm-clock-\Fish2_4.asm
                 saturday   0x000125    program     static F:\Course-project-alarm-clock-\Fish2_4.asm
                   sunday   0x00012c    program     static F:\Course-project-alarm-clock-\Fish2_4.asm
                    exday   0x000132    program     static F:\Course-project-alarm-clock-\Fish2_4.asm
               change_day   0x000133    program     static F:\Course-project-alarm-clock-\Fish2_4.asm
              plus_day_ch   0x000141    program     static F:\Course-project-alarm-clock-\Fish2_4.asm
             minus_day_ch   0x00014d    program     static F:\Course-project-alarm-clock-\Fish2_4.asm
                 Keyboard   0x000159    program     static F:\Course-project-alarm-clock-\Fish2_4.asm
                     col1   0x000164    program     static F:\Course-project-alarm-clock-\Fish2_4.asm
                     col2   0x00016f    program     static F:\Course-project-alarm-clock-\Fish2_4.asm
                     col3   0x000178    program     static F:\Course-project-alarm-clock-\Fish2_4.asm
           correct_T_plus   0x000182    program     static F:\Course-project-alarm-clock-\Fish2_4.asm
               correct_H2   0x00019f    program     static F:\Course-project-alarm-clock-\Fish2_4.asm
               correct_H1   0x0001a7    program     static F:\Course-project-alarm-clock-\Fish2_4.asm
                       t1   0x0001ad    program     static F:\Course-project-alarm-clock-\Fish2_4.asm
                 three_H1   0x0001b3    program     static F:\Course-project-alarm-clock-\Fish2_4.asm
               correct_M2   0x0001b5    program     static F:\Course-project-alarm-clock-\Fish2_4.asm
               correct_M1   0x0001bd    program     static F:\Course-project-alarm-clock-\Fish2_4.asm
               correct_S2   0x0001c5    program     static F:\Course-project-alarm-clock-\Fish2_4.asm
               correct_S1   0x0001cd    program     static F:\Course-project-alarm-clock-\Fish2_4.asm
          correct_T_minus   0x0001d5    program     static F:\Course-project-alarm-clock-\Fish2_4.asm
         correct_H2_minus   0x0001f2    program     static F:\Course-project-alarm-clock-\Fish2_4.asm
         correct_H1_minus   0x0001fa    program     static F:\Course-project-alarm-clock-\Fish2_4.asm
                       t2   0x000204    program     static F:\Course-project-alarm-clock-\Fish2_4.asm
           three_H1_minus   0x000206    program     static F:\Course-project-alarm-clock-\Fish2_4.asm
         correct_M2_minus   0x000208    program     static F:\Course-project-alarm-clock-\Fish2_4.asm
         correct_M1_minus   0x000210    program     static F:\Course-project-alarm-clock-\Fish2_4.asm
         correct_S2_minus   0x000218    program     static F:\Course-project-alarm-clock-\Fish2_4.asm
         correct_S1_minus   0x000220    program     static F:\Course-project-alarm-clock-\Fish2_4.asm
                   save_T   0x000228    program     static F:\Course-project-alarm-clock-\Fish2_4.asm
               change_HMS   0x000232    program     static F:\Course-project-alarm-clock-\Fish2_4.asm
              small_delay   0x000240    program     static F:\Course-project-alarm-clock-\Fish2_4.asm
             _.org_0_0243   0x000243    program     static F:\Course-project-alarm-clock-\Fish2_4.asm


