MPLINK 5.08, LINKER
Linker Map File - Created Sat Oct 07 13:37:34 2017

                                 Section Info
                  Section       Type    Address   Location Size(Bytes)
                ---------  ---------  ---------  ---------  ---------
                   .org_0       code   0x000000    program   0x000206
                   .cinit    romdata   0x000103    program   0x000004



                              Program Memory Usage 
                               Start         End      
                           ---------   ---------      
                            0x000000    0x000104      
            261 out of 8454 program addresses used, program memory utilization is 3%



                              Symbols - Sorted by Name
                     Name    Address   Location    Storage File                     
                ---------  ---------  ---------  --------- ---------                
                  BD_Loop   0x0000c2    program     static C:\Users\Марк\MPLABXProjects\KURS_VORDV.X\Fish2_4.asm
                      DEC   0x0000c8    program     static C:\Users\Марк\MPLABXProjects\KURS_VORDV.X\Fish2_4.asm
                    START   0x000042    program     static C:\Users\Марк\MPLABXProjects\KURS_VORDV.X\Fish2_4.asm
                    begin   0x000004    program     static C:\Users\Марк\MPLABXProjects\KURS_VORDV.X\Fish2_4.asm
                    delay   0x0000be    program     static C:\Users\Марк\MPLABXProjects\KURS_VORDV.X\Fish2_4.asm
                end_clock   0x000092    program     static C:\Users\Марк\MPLABXProjects\KURS_VORDV.X\Fish2_4.asm
                    exday   0x000101    program     static C:\Users\Марк\MPLABXProjects\KURS_VORDV.X\Fish2_4.asm
                   friday   0x0000ed    program     static C:\Users\Марк\MPLABXProjects\KURS_VORDV.X\Fish2_4.asm
                   monday   0x0000d1    program     static C:\Users\Марк\MPLABXProjects\KURS_VORDV.X\Fish2_4.asm
                 saturday   0x0000f4    program     static C:\Users\Марк\MPLABXProjects\KURS_VORDV.X\Fish2_4.asm
                   sunday   0x0000fb    program     static C:\Users\Марк\MPLABXProjects\KURS_VORDV.X\Fish2_4.asm
                ten_clock   0x00008b    program     static C:\Users\Марк\MPLABXProjects\KURS_VORDV.X\Fish2_4.asm
                 thursday   0x0000e6    program     static C:\Users\Марк\MPLABXProjects\KURS_VORDV.X\Fish2_4.asm
                  tuesday   0x0000d8    program     static C:\Users\Марк\MPLABXProjects\KURS_VORDV.X\Fish2_4.asm
                wednesday   0x0000df    program     static C:\Users\Марк\MPLABXProjects\KURS_VORDV.X\Fish2_4.asm
                    write   0x0000b6    program     static C:\Users\Марк\MPLABXProjects\KURS_VORDV.X\Fish2_4.asm



                              Symbols - Sorted by Address
                     Name    Address   Location    Storage File                     
                ---------  ---------  ---------  --------- ---------                
                    begin   0x000004    program     static C:\Users\Марк\MPLABXProjects\KURS_VORDV.X\Fish2_4.asm
                    START   0x000042    program     static C:\Users\Марк\MPLABXProjects\KURS_VORDV.X\Fish2_4.asm
                ten_clock   0x00008b    program     static C:\Users\Марк\MPLABXProjects\KURS_VORDV.X\Fish2_4.asm
                end_clock   0x000092    program     static C:\Users\Марк\MPLABXProjects\KURS_VORDV.X\Fish2_4.asm
                    write   0x0000b6    program     static C:\Users\Марк\MPLABXProjects\KURS_VORDV.X\Fish2_4.asm
                    delay   0x0000be    program     static C:\Users\Марк\MPLABXProjects\KURS_VORDV.X\Fish2_4.asm
                  BD_Loop   0x0000c2    program     static C:\Users\Марк\MPLABXProjects\KURS_VORDV.X\Fish2_4.asm
                      DEC   0x0000c8    program     static C:\Users\Марк\MPLABXProjects\KURS_VORDV.X\Fish2_4.asm
                   monday   0x0000d1    program     static C:\Users\Марк\MPLABXProjects\KURS_VORDV.X\Fish2_4.asm
                  tuesday   0x0000d8    program     static C:\Users\Марк\MPLABXProjects\KURS_VORDV.X\Fish2_4.asm
                wednesday   0x0000df    program     static C:\Users\Марк\MPLABXProjects\KURS_VORDV.X\Fish2_4.asm
                 thursday   0x0000e6    program     static C:\Users\Марк\MPLABXProjects\KURS_VORDV.X\Fish2_4.asm
                   friday   0x0000ed    program     static C:\Users\Марк\MPLABXProjects\KURS_VORDV.X\Fish2_4.asm
                 saturday   0x0000f4    program     static C:\Users\Марк\MPLABXProjects\KURS_VORDV.X\Fish2_4.asm
                   sunday   0x0000fb    program     static C:\Users\Марк\MPLABXProjects\KURS_VORDV.X\Fish2_4.asm
                    exday   0x000101    program     static C:\Users\Марк\MPLABXProjects\KURS_VORDV.X\Fish2_4.asm


